src/app/api/leads/route.ts(27,24): error TS2339: Property 'errors' does not exist on type 'ZodError<unknown>'.
